// Jest Snapshot v1, https://goo.gl/fbAQLP

exports[`Pruebas en <JournalEntry/> Debe mostrarse correctamente 1`] = `
<div
  className="journal__entry pointer animate__animated animate__faster animate__slideInLeft"
  onClick={[Function]}
>
  <div
    className="journal__entry-picture"
    style={
      Object {
        "backgroundImage": "url(https://randomimages.com/image.png)",
        "backgroundPosition": "center",
        "backgroundSize": "cover",
      }
    }
  />
  <div
    className="journal__entry-body"
  >
    <p
      className="journal__entry-title"
    >
      Note Test
    </p>
    <p
      className="journal__entry-content"
    >
      Body Test
    </p>
  </div>
  <div
    className="journal__entry-date-box"
  >
    <span>
      Wed
    </span>
    <h4>
      31st
    </h4>
  </div>
</div>
`;
